```html title=output.html
<!doctype html><html><head><meta charset="UTF-8"><title>Rspack App</title><script crossorigin integrity="sha512-R0+cFqnvcaZKWBNDyEd/M7eKZKRX7oV5CjTxGzhojkgPETUNhqpMqtD26xu/yc2rGWaBVwuw9PHcEukulD/dDw==" src="/runtime.js"></script><script crossorigin integrity="sha512-J01E4uoMbdYMH16mabUDwjqw/QWyCWGYTRNoT/5VOXK/+dLtm7h9B4KUgillt7GTUxQiIyLh4gtv7ICMF06YaA==" src="/index.js"></script><link crossorigin href="/index.css" integrity="sha512-NDDyIqkYQDfMwMNIUaCRfUwfeS0YqfkkvdFaWECGNXVRn0jmwUqlFGOm4fV7YXHoM7GP1rvE6zLAZOXi03rjBw==" rel="stylesheet"></head><body></body></html>
```